============================================================
PropEdge V12.0 — BATCH 1: PREDICT
  Date: 2026-04-01 | 2026-04-01 08:00 UTC+01:00
============================================================

  Fetching props: 2026-04-01 (B1)
    Credits: 20000 events
    9 games
    Credits: 19982 
    ✓ ATL @ ORL: 12 props
    Credits: 19976 
    ✓ PHI @ WAS: 12 props
    Credits: 19964 
    ✓ BOS @ MIA: 13 props
    Credits: 19955 
    ✓ MIL @ HOU: 11 props
    Credits: 19949 
    ✓ NYK @ MEM: 11 props
    Credits: 19940 
    ✓ SAC @ TOR: 14 props
    Credits: 19931 
    ✓ IND @ CHI: 9 props
    Credits: 19922 
    ✓ DEN @ UTA: 12 props
    Credits: 19916 
    ✓ SAS @ GSW: 13 props
  Total: 107 props, 9 games
  ✓ Excel: Player_Points_Props 16,207→16,314 (+107) | Spreads 1,385→1,394 (+9)

  Running V12.0 predictions...
    Building caches...
    ✓ V11 direction classifier
  106 predictions (97 conviction + 9 leans, 1 skipped)
    Skips: 1 no_player

  ✓ today.json: 106 plays (18 T1, 7 T2) | Added:106 Updated:0 Preserved:0
  ✓ Git push: B1: 2026-04-01 — 106 plays
============================================================
PropEdge V12.0 — BATCH 1: PREDICT
  Date: 2026-04-02 | 2026-04-02 08:00 UTC+01:00
============================================================

  Fetching props: 2026-04-02 (B1)
    Credits: 19219 events
    6 games
    Credits: 19210 
    ✓ PHX @ CHA: 15 props
    Credits: 19195 
    ✓ MIN @ DET: 14 props
    Credits: 19189 
    ✓ LAL @ OKC: 15 props
    Credits: 19177 
    ✓ CLE @ GSW: 10 props
    Credits: 19168 
    ✓ NOP @ POR: 14 props
    Credits: 19159 
    ✓ SAS @ LAC: 15 props
  Total: 83 props, 6 games
  ✓ Excel: Player_Points_Props 16,325→16,408 (+83) | Spreads 1,394→1,400 (+6)

  Running V12.0 predictions...
    Building caches...
    ✓ V11 direction classifier
  83 predictions (69 conviction + 14 leans, 0 skipped)

  ✓ today.json: 83 plays (14 T1, 8 T2) | Added:83 Updated:0 Preserved:0
  ✓ Git push: B1: 2026-04-02 — 83 plays
============================================================
PropEdge V12.0 — BATCH 1: PREDICT
  Date: 2026-04-03 | 2026-04-03 08:00 UTC+01:00
============================================================

  Fetching props: 2026-04-03 (B1)
    Credits: 19024 events
    9 games
    Credits: 19015 
    ✓ IND @ CHA: 12 props
    Credits: 19003 
    ✓ MIN @ PHI: 13 props
    Credits: 18991 
    ✓ ATL @ BKN: 12 props
    Credits: 18979 
    ✓ CHI @ NYK: 10 props
    Credits: 18964 
    ✓ BOS @ MIL: 11 props
    Credits: 18955 
    ✓ UTA @ HOU: 10 props
    Credits: 18937 
    ✓ TOR @ MEM: 10 props
    Credits: 18931 
    ✓ ORL @ DAL: 12 props
    Credits: 18922 
    ✓ NOP @ SAC: 12 props
  Total: 102 props, 9 games
  ✓ Excel: Player_Points_Props 16,410→16,512 (+102) | Spreads 1,400→1,409 (+9)

  Running V12.0 predictions...
    Building caches...
    ✓ V11 direction classifier
  101 predictions (96 conviction + 5 leans, 1 skipped)
    Skips: 1 no_player

  ✓ today.json: 101 plays (10 T1, 14 T2) | Added:101 Updated:0 Preserved:0
  ✓ Git push: B1: 2026-04-03 — 101 plays
============================================================
PropEdge V12.0 — BATCH 1: PREDICT
  Date: 2026-04-04 | 2026-04-04 08:14 UTC+01:00
============================================================

  Fetching props: 2026-04-04 (B1)
    Credits: 18595 events
    3 games
    Credits: 18586 
    ✓ SAS @ DEN: 14 props
    Credits: 18574 
    ✓ WAS @ MIA: 12 props
    Credits: 18562 
    ✓ DET @ PHI: 13 props
  Total: 39 props, 3 games
  ✓ Excel: Player_Points_Props 16,518→16,557 (+39) | Spreads 1,409→1,412 (+3)

  Running V12.0 predictions...
    Building caches...
    ✓ V11 direction classifier
  37 predictions (35 conviction + 2 leans, 2 skipped)
    Skips: 2 no_player

  ✓ today.json: 37 plays (3 T1, 6 T2) | Added:37 Updated:0 Preserved:0
  ✓ Git push: B1: 2026-04-04 — 37 plays
============================================================
PropEdge V12.0 — BATCH 1: PREDICT
  Date: 2026-04-05 | 2026-04-05 08:15 UTC+01:00
============================================================

  Fetching props: 2026-04-05 (B1)
    Credits: 18496 events
    11 games
    Credits: 18487 
    ✓ TOR @ BOS: 13 props
    Credits: 18472 
    ✓ WAS @ BKN: 10 props
    Credits: 18463 
    ✓ PHX @ CHI: 11 props
    Credits: 18451 
    ✓ MEM @ MIL: 8 props
    Credits: 18439 
    ✓ IND @ CLE: 12 props
    Credits: 18427 
    ✓ CHA @ MIN: 13 props
    Credits: 18415 
    ✓ ORL @ NOP: 12 props
    Credits: 18406 
    ✓ UTA @ OKC: 15 props
    Credits: 18394 
    ✓ LAL @ DAL: 13 props
    Credits: 18382 
    ✓ LAC @ SAC: 12 props
    Credits: 18370 
    ✓ HOU @ GSW: 13 props
  Total: 132 props, 11 games
  ✓ Excel: Player_Points_Props 16,559→16,691 (+132) | Spreads 1,412→1,423 (+11)

  Running V12.0 predictions...
    Building caches...
    ✓ V11 direction classifier
  131 predictions (113 conviction + 18 leans, 1 skipped)
    Skips: 1 no_player

  ✓ today.json: 131 plays (24 T1, 14 T2) | Added:131 Updated:0 Preserved:0
  ✓ Git push: B1: 2026-04-05 — 131 plays
============================================================
PropEdge V12.0 — BATCH 1: PREDICT
  Date: 2026-04-06 | 2026-04-06 08:00 UTC+01:00
============================================================

  Fetching props: 2026-04-06 (B1)
    Credits: 18103 events
    5 games
    Credits: 18091 
    ✓ NYK @ ATL: 13 props
    Credits: 18085 
    ✓ DET @ ORL: 14 props
    Credits: 18067 
    ✓ CLE @ MEM: 7 props
    Credits: 18052 
    ✓ PHI @ SAS: 13 props
    Credits: 18043 
    ✓ POR @ DEN: 13 props
  Total: 60 props, 5 games
  ✓ Excel: Player_Points_Props 16,702→16,762 (+60) | Spreads 1,423→1,428 (+5)

  Running V12.0 predictions...
    Building caches...
    ✓ V11 direction classifier
  60 predictions (47 conviction + 13 leans, 0 skipped)

  ✓ today.json: 60 plays (8 T1, 6 T2) | Added:60 Updated:0 Preserved:0
  ✓ Git push: B1: 2026-04-06 — 60 plays
============================================================
PropEdge V12.0 — BATCH 1: PREDICT
  Date: 2026-04-07 | 2026-04-07 08:00 UTC+01:00
============================================================

  Fetching props: 2026-04-07 (B1)
    Credits: 9123 events
    10 games
    Credits: 9117 
    ✓ CHI @ WAS: 10 props
    Credits: 9108 
    ✓ MIN @ IND: 11 props
    Credits: 9093 
    ✓ MIL @ BKN: 9 props
    Credits: 9075 
    ✓ MIA @ TOR: 14 props
    Credits: 9066 
    ✓ CHA @ BOS: 14 props
    Credits: 9057 
    ✓ UTA @ NOP: 10 props
    Credits: 9045 
    ✓ SAC @ GSW: 10 props
    Credits: 9033 
    ✓ DAL @ LAC: 12 props
    Credits: 9021 
    ✓ OKC @ LAL: 12 props
    Credits: 9009 
    ✓ HOU @ PHX: 14 props
  Total: 116 props, 10 games
  ✓ Excel: Player_Points_Props 16,767→16,883 (+116) | Spreads 1,428→1,438 (+10)

  Running V12.0 predictions...
    Building caches...
    ✓ V11 direction classifier
  114 predictions (106 conviction + 8 leans, 2 skipped)
    Skips: 1 low_line, 1 no_player

  ✓ today.json: 114 plays (26 T1, 8 T2) | Added:114 Updated:0 Preserved:0
  ✓ Git push: B1: 2026-04-07 — 114 plays
